// Jest Snapshot v1, https://goo.gl/fbAQLP

exports[`<Main /> should render the heading 1`] = `
<main
  class="styles__Wrapper-sc-e04e6b71-0 iRrUIT"
>
  <img
    alt="Imagem de um átomo e React Avançado escrito ao lado"
    class="styles__Logo-sc-e04e6b71-1 fUCmfI"
    src="/img/logo.svg"
  />
  <h1
    class="styles__Title-sc-e04e6b71-2 cUsawk"
  >
    React Avançado - Boilerplate
  </h1>
  <h2
    class="styles__Description-sc-e04e6b71-3 dAidxJ"
  >
    TypeScript, ReactJS, NextJS e Styled Components
  </h2>
  <img
    alt="Um desenvolvedor de frente para uma tela com código"
    class="styles__Illustration-sc-e04e6b71-4 bkxHkq"
    src="/img/hero-illustration.svg"
  />
</main>
`;
